---
namespace: Compile
expectation: Pass
outputs:
  - - initial_symbol_table: d1ac6f2770af6bce07c5b9bcfc4f0ea207fd700e0f92308d70db29badf64844d
      type_checked_symbol_table: 5bc78fe4edd1a7989f75e73c5a67044df448be223990aeea89d19c62c8dd5ef1
      unrolled_symbol_table: 5bc78fe4edd1a7989f75e73c5a67044df448be223990aeea89d19c62c8dd5ef1
      initial_ast: 0f6e05e3b3533d9c600973a6734710895954f9fa2dd829ab77be056beace0311
      unrolled_ast: 0f6e05e3b3533d9c600973a6734710895954f9fa2dd829ab77be056beace0311
      ssa_ast: 30007db23410284aa121e62ac1c8bb3916e2c15d6f5c86197fe280e881ca4bd2
      flattened_ast: 4b7b236a100ad0ffc9a32be46432945e4b0766f40bafea52b4fab34bbf3bc93c
      inlined_ast: 4b7b236a100ad0ffc9a32be46432945e4b0766f40bafea52b4fab34bbf3bc93c
      dce_ast: 4b7b236a100ad0ffc9a32be46432945e4b0766f40bafea52b4fab34bbf3bc93c
      bytecode: 8195766fd4b565e30f6f4e088c57977e5a558d68847e0a61fe2b8de79bd2590d
      warnings: ""
