---
namespace: Compile
expectation: Pass
outputs:
  - - initial_symbol_table: a5f56d9140369710d2616f22e72769b4ce4786e6b3cadd3eaa7301dd486c160b
      type_checked_symbol_table: e35e7c6ab49ed308a4cb758f407532677f9176ed232b34f2c49fb58634d7c979
      unrolled_symbol_table: e35e7c6ab49ed308a4cb758f407532677f9176ed232b34f2c49fb58634d7c979
      initial_ast: a19a37db715c74c669c8ba97056e0e4780f7799e9c0ed3ab63010a0fafbc8251
      unrolled_ast: a19a37db715c74c669c8ba97056e0e4780f7799e9c0ed3ab63010a0fafbc8251
      ssa_ast: c8a120b798929b177517bd440a05ecafd99d0417021882c42520d4b07b713d0c
      flattened_ast: 39dcedb393b8178fe8e940345152a3670ac8cdd9d558c7a6f3783e333dea5509
      inlined_ast: 39dcedb393b8178fe8e940345152a3670ac8cdd9d558c7a6f3783e333dea5509
      dce_ast: 39dcedb393b8178fe8e940345152a3670ac8cdd9d558c7a6f3783e333dea5509
      bytecode: 041ad04237619df46380596339019563fc1d330a7e3792a3d856e4b600e8501e
      warnings: ""
