---
namespace: Compile
expectation: Pass
outputs:
  - - initial_symbol_table: 077422b93c97f7cd8a28ff1ba7bbe58e07c4b7887304c46d35eb5ac6bf23c972
      type_checked_symbol_table: 5f860d2de9a0608ecbc70179a65c645cd622701fee49e955c77387fa225b01a1
      unrolled_symbol_table: 5f860d2de9a0608ecbc70179a65c645cd622701fee49e955c77387fa225b01a1
      initial_ast: e1b47dce4f733e058af9638b35a73f7b09f64b3fc27c17a9d57c832e33712126
      unrolled_ast: e1b47dce4f733e058af9638b35a73f7b09f64b3fc27c17a9d57c832e33712126
      ssa_ast: 6fa583539fb975bbb327d7352bde7c8c16bca88929eaa69b66dd15701920137a
      flattened_ast: d9ae33bc63b90bb4f310bdaf33aae2cef88a6aebc04768f3e08a95e5fd367235
      inlined_ast: d9ae33bc63b90bb4f310bdaf33aae2cef88a6aebc04768f3e08a95e5fd367235
      dce_ast: db6dec7c8635fba2dce897cc21761d0c6b9f4a31eb41fbe21ee8d5af90c16264
      bytecode: 324982aeedb7f0eb194a3744384b562834062c95c62d9007a74ec8e2a5612c4e
      warnings: ""
