---
namespace: Compile
expectation: Pass
outputs:
  - - initial_symbol_table: 30b74ef9405be6a65d0718e893155dfab9c5a27ba6331b46674fbfe804c078c7
      type_checked_symbol_table: df1b9add309c4f16c8fc410cfe1a5e081449f19662d106576ea7934ae2ec016a
      unrolled_symbol_table: df1b9add309c4f16c8fc410cfe1a5e081449f19662d106576ea7934ae2ec016a
      initial_ast: b9c50a0a84adc3eda4cfc4455c719cd33379854b8ebc4903379c05dd2583316e
      unrolled_ast: b9c50a0a84adc3eda4cfc4455c719cd33379854b8ebc4903379c05dd2583316e
      ssa_ast: 29c1b3c921adfb51b5c81ece7b419efcbcda47d4f90188c692142847be472022
      flattened_ast: d699fa6b1d468ea7dc2d42967e81d72a0bf2ccb07168b7d10c64d154b1d78ab7
      inlined_ast: d699fa6b1d468ea7dc2d42967e81d72a0bf2ccb07168b7d10c64d154b1d78ab7
      dce_ast: 50107706bb56e635897eacd3fe9dbabf217825e7de37f14cf5389127fc78d50a
      bytecode: c865484cdaac4f81578a7a47f6a1772139a2f4b03d5a4602c7b62be71519846d
      warnings: ""
