---
namespace: Compile
expectation: Pass
outputs:
  - - initial_symbol_table: 2658cc46474508322e7f12b986c382eeffb3de47b35e77a1a0d78d5ccb012baf
      type_checked_symbol_table: 037ce128721bb9836ae981f0d780be368d31aedc444742e912c3fd942326e99b
      unrolled_symbol_table: 037ce128721bb9836ae981f0d780be368d31aedc444742e912c3fd942326e99b
      initial_ast: eeaeb066abef7f365cedd2a08c2ad959bb100b8ae663f33ebdf22b6416d6e90d
      unrolled_ast: eeaeb066abef7f365cedd2a08c2ad959bb100b8ae663f33ebdf22b6416d6e90d
      ssa_ast: 62a994e2c584d2288e4421c20d086a519e6ee72ef5ad3d23241d33b3558a5c01
      flattened_ast: 96cfa0ce2d0c2fa1c7b0b22dca4e0ff880904e484162a5dc289c76598e0d933d
      inlined_ast: 96cfa0ce2d0c2fa1c7b0b22dca4e0ff880904e484162a5dc289c76598e0d933d
      dce_ast: 96cfa0ce2d0c2fa1c7b0b22dca4e0ff880904e484162a5dc289c76598e0d933d
      bytecode: 6d6695b67fa8f1cff43f2d00c6ce7e118342fb3e0bd05008d952820bf0e6dca8
      warnings: ""
