---
namespace: Compile
expectation: Pass
outputs:
  - - initial_symbol_table: 3f7cfa6617f31a55f5e1dbe6a4dfc71eb0417276cdac46cf9cab0e9f54356050
      type_checked_symbol_table: e399fb22c524abb01cf5978cccde4994f93846954316cc972df0143bd55df94f
      unrolled_symbol_table: e399fb22c524abb01cf5978cccde4994f93846954316cc972df0143bd55df94f
      initial_ast: 96a67b2f605140e85b5e3c13efe22617e3bc18ee1de6d408f06ae222b6d7db77
      unrolled_ast: 96a67b2f605140e85b5e3c13efe22617e3bc18ee1de6d408f06ae222b6d7db77
      ssa_ast: 50c8595ada276f6be67ce165acfed461c63277bec661414c18a31d1b2bbb35ba
      flattened_ast: 12f9ac496946adae9a8695815ca567d263038f106466b85979a84c1d11f9fbb3
      inlined_ast: 12f9ac496946adae9a8695815ca567d263038f106466b85979a84c1d11f9fbb3
      dce_ast: 12f9ac496946adae9a8695815ca567d263038f106466b85979a84c1d11f9fbb3
      bytecode: 8076383080c6f141d8c6038360d4c9494a44f39b20f85614faf57bb7f6e3a10d
      warnings: ""
