---
namespace: Compile
expectation: Pass
outputs:
  - - initial_symbol_table: 0b9e361a60499d11d8de9a427cd689b0904e3660092b6ff95a1c07bf09964e11
      type_checked_symbol_table: 58b695183f390fd270d2d7b521591c524ad80192b3c1e04fc7e691ebd5fdf24e
      unrolled_symbol_table: 58b695183f390fd270d2d7b521591c524ad80192b3c1e04fc7e691ebd5fdf24e
      initial_ast: 1a9d3e87f5b8467fca09bc7e8f012e04e8013561cbf7f62f55264645f38f518b
      unrolled_ast: 1a9d3e87f5b8467fca09bc7e8f012e04e8013561cbf7f62f55264645f38f518b
      ssa_ast: f39bc057a47a7d3c84505b976bef24385f473540cdeb9de4f284e1258ebbd9e4
      flattened_ast: e085a346abfad3ea6476ba26cb2ed3470cf1386bce54549d1258b80f17b87401
      inlined_ast: e085a346abfad3ea6476ba26cb2ed3470cf1386bce54549d1258b80f17b87401
      dce_ast: ca2cd37c168022118bcfe447b89aaccca0fc0e0c59d4afcaed770bc7d8eebdf3
      bytecode: 6ef5805c3336e65726b72f34cc357f5f87030d017dfd525f232f912f14c3f421
      warnings: ""
