---
namespace: Compile
expectation: Pass
outputs:
  - - initial_symbol_table: 5a59bc205eed395ed0a857abe27790d3612aaac26fce76ec8b77b539dd85b4ad
      type_checked_symbol_table: eec79e1688bdeb5852327404ba04f4db9b6a914d2b19fc0578a44ac097fa4149
      unrolled_symbol_table: eec79e1688bdeb5852327404ba04f4db9b6a914d2b19fc0578a44ac097fa4149
      initial_ast: c95c80af49faf5654792ba6ed76234119de275049cc6cc80c61a8d7f92ef21cc
      unrolled_ast: c95c80af49faf5654792ba6ed76234119de275049cc6cc80c61a8d7f92ef21cc
      ssa_ast: 8808692c1ca6df79faae478c57cebb801691f3f24a3f39b0a94dd91470d605b2
      flattened_ast: a4e27b022896cd98846a335d3e4349bf0c9642ac5425a2fcf49b1459205ea473
      inlined_ast: a4e27b022896cd98846a335d3e4349bf0c9642ac5425a2fcf49b1459205ea473
      dce_ast: 59c2f25469928d154234a77de95110d3fc76b7cee9f61959a4246ee66f1dec2e
      bytecode: e6a59e3156a3ff5801a42607df078d08aa239f34556930470761e1c5848ae171
      warnings: ""
