---
namespace: Compile
expectation: Pass
outputs:
  - - initial_symbol_table: 1fd0cc9d0de6a4a2f7dd6e3121cc5d7d635ac2d6bc447187d6c649f0d82ca267
      type_checked_symbol_table: f9d62dee5604ba02b4e562c5eec5970479f7f44d87c18f7774080cc713feb73a
      unrolled_symbol_table: f9d62dee5604ba02b4e562c5eec5970479f7f44d87c18f7774080cc713feb73a
      initial_ast: d7d1299bd300d07ee6e6625439b2b7f29be52e79c6aff7a8b25c50e72086c049
      unrolled_ast: d7d1299bd300d07ee6e6625439b2b7f29be52e79c6aff7a8b25c50e72086c049
      ssa_ast: 3589391f97c5f9595bab664fb59e5768356ab702bb04d647bf6952f7e7644bf6
      flattened_ast: c43025bdecf06a9741f7a11761fd5d29049912c9257c852258fa70439ebfad56
      inlined_ast: c43025bdecf06a9741f7a11761fd5d29049912c9257c852258fa70439ebfad56
      dce_ast: c43025bdecf06a9741f7a11761fd5d29049912c9257c852258fa70439ebfad56
      bytecode: 3b16a9ffcba2d86d0099abfc040442550dad3a04f8ba2bbdec05f93ec3c1b6ec
      warnings: ""
