---
namespace: Compile
expectation: Pass
outputs:
  - - initial_symbol_table: 1fd0cc9d0de6a4a2f7dd6e3121cc5d7d635ac2d6bc447187d6c649f0d82ca267
      type_checked_symbol_table: f9d62dee5604ba02b4e562c5eec5970479f7f44d87c18f7774080cc713feb73a
      unrolled_symbol_table: f9d62dee5604ba02b4e562c5eec5970479f7f44d87c18f7774080cc713feb73a
      initial_ast: 05361e716c050e23686a1a344197845333b767ab87dce894456e40312c5805da
      unrolled_ast: 05361e716c050e23686a1a344197845333b767ab87dce894456e40312c5805da
      ssa_ast: d3269858e686051faccb2de54bc71576e3ccb466f42be309fb60a93793671b76
      flattened_ast: df5a1ef3ccf00c9605cec2d35286d87e1d634598898acede5e7d73bf249f192b
      inlined_ast: df5a1ef3ccf00c9605cec2d35286d87e1d634598898acede5e7d73bf249f192b
      dce_ast: df5a1ef3ccf00c9605cec2d35286d87e1d634598898acede5e7d73bf249f192b
      bytecode: 146646862a181a2d9c802993b30c04190405d0ec9cf00847c755162af14ab765
      warnings: ""
