---
namespace: Compile
expectation: Pass
outputs:
  - - initial_symbol_table: 1fd0cc9d0de6a4a2f7dd6e3121cc5d7d635ac2d6bc447187d6c649f0d82ca267
      type_checked_symbol_table: f9d62dee5604ba02b4e562c5eec5970479f7f44d87c18f7774080cc713feb73a
      unrolled_symbol_table: f9d62dee5604ba02b4e562c5eec5970479f7f44d87c18f7774080cc713feb73a
      initial_ast: 3dcf6bcf0db4ca8c9b11663af343acd28dc393819167cf710603b546326b4d1e
      unrolled_ast: 3dcf6bcf0db4ca8c9b11663af343acd28dc393819167cf710603b546326b4d1e
      ssa_ast: cc058b9391a8ab4ae5816852f5f3688e9618dafa9ef7abd39fd8660dddd6ce8d
      flattened_ast: 1ba307bbd80c349652308245a970a745355ad1fe37a1a4e1891eef55f16ffefd
      inlined_ast: 1ba307bbd80c349652308245a970a745355ad1fe37a1a4e1891eef55f16ffefd
      dce_ast: 1ba307bbd80c349652308245a970a745355ad1fe37a1a4e1891eef55f16ffefd
      bytecode: 56e6953042e8cf528010b3706c59f9240a38c0e4537f2bcedb790d17e0595327
      warnings: ""
