---
namespace: Compile
expectation: Pass
outputs:
  - - initial_symbol_table: 7d3e81836aac05a2a6db39e7ec14faec547577c597f679d9dbac20397151355c
      type_checked_symbol_table: f07cd29832076504537fcecac318aa3b8c3fb7c3247ce5e3e9181fdccce5449a
      unrolled_symbol_table: f07cd29832076504537fcecac318aa3b8c3fb7c3247ce5e3e9181fdccce5449a
      initial_ast: 5c0db4459eb38473072db34d289916372a19613277b7ac66babc99d1d8c0681f
      unrolled_ast: 5c0db4459eb38473072db34d289916372a19613277b7ac66babc99d1d8c0681f
      ssa_ast: b880156d0a2003295f35ccaa4cb9c47f1c9ce2a959d1677026785383e694392c
      flattened_ast: a0c392eae3c2611b07102d8e5777a68324ff4f5a2ea2998b2aecf2d54b2ac0b3
      inlined_ast: a0c392eae3c2611b07102d8e5777a68324ff4f5a2ea2998b2aecf2d54b2ac0b3
      dce_ast: a0c392eae3c2611b07102d8e5777a68324ff4f5a2ea2998b2aecf2d54b2ac0b3
      bytecode: eb8fb8c25730005f5c6c14d190313c0bee2ae389d6295686dd1867663fc93f67
      warnings: ""
