---
namespace: Compile
expectation: Pass
outputs:
  - - initial_symbol_table: 77350919712fc90dc8de56be06753d414a0ae0ad8651195a5db996fc5def5545
      type_checked_symbol_table: a00c41a2ecc20c5739ee7bb4b21c48d83bf0d16dd35b06165668daf8be5f29f4
      unrolled_symbol_table: a00c41a2ecc20c5739ee7bb4b21c48d83bf0d16dd35b06165668daf8be5f29f4
      initial_ast: cec77d990c94077ac343de00ef7eea644bf9d23456747573bfc67d996d092e48
      unrolled_ast: cec77d990c94077ac343de00ef7eea644bf9d23456747573bfc67d996d092e48
      ssa_ast: 96766e80b71d9d652576e31647463954f0b2f082ef8a5a73d6343dbdab70e895
      flattened_ast: a716f140037babb80bfdb9d8e03928a66230b42595f0658a2136aa1ce1719bed
      inlined_ast: a716f140037babb80bfdb9d8e03928a66230b42595f0658a2136aa1ce1719bed
      dce_ast: a716f140037babb80bfdb9d8e03928a66230b42595f0658a2136aa1ce1719bed
      bytecode: 2768046fc5a9e4812b3b19a67908baca08c0e3d5141323dabb57cff84e659d62
      warnings: ""
