---
namespace: Compile
expectation: Pass
outputs:
  - - initial_symbol_table: 1f96df1e414fd96505a23c658692de40614d28804ebeaeafc90835f4087c91cc
      type_checked_symbol_table: f51b6c1660b8bb5b45ca5e05c303bf2fb92e47d575ff34c69abec002486452f4
      unrolled_symbol_table: f51b6c1660b8bb5b45ca5e05c303bf2fb92e47d575ff34c69abec002486452f4
      initial_ast: 6862efe8b596e629b2378b738167947a2fa19089e649fa1fc48a4b166bc56335
      unrolled_ast: 6862efe8b596e629b2378b738167947a2fa19089e649fa1fc48a4b166bc56335
      ssa_ast: ce4145995002a59c2da9e9532db52290d2358ce97841fb1830c1dce85465d04f
      flattened_ast: 34993b2de9dfad2494723a7decee04300fa53d6faf961fd329c89ef14d9dd294
      inlined_ast: 34993b2de9dfad2494723a7decee04300fa53d6faf961fd329c89ef14d9dd294
      dce_ast: ab3b6ce6f60f9ae4adbfa59a48632ccb33878b1e229775105fe63067f4c1095b
      bytecode: 1ee04c880a78442953925baa8e3c60e416d77c926da80774db6961188aaba65a
      warnings: ""
