---
namespace: Compile
expectation: Pass
outputs:
  - - initial_symbol_table: 1f96df1e414fd96505a23c658692de40614d28804ebeaeafc90835f4087c91cc
      type_checked_symbol_table: aaaec423b2c439b4857751e7dec72e29fbe3cf863753d6f21e52c9d0f5e98558
      unrolled_symbol_table: aaaec423b2c439b4857751e7dec72e29fbe3cf863753d6f21e52c9d0f5e98558
      initial_ast: ce62840019e39698149d9d52f2c9bd4a57cbacf79836bcf1716119f34d23de35
      unrolled_ast: ce62840019e39698149d9d52f2c9bd4a57cbacf79836bcf1716119f34d23de35
      ssa_ast: 7ffcd66b170ad75e2277e2c6d7780cfcb1874212d53be79aa1444c35cb366007
      flattened_ast: fd94b00037ca2a02ddbefaa6e95a8b4d5743c0b3101fbc165440ee71e616a1aa
      inlined_ast: fd94b00037ca2a02ddbefaa6e95a8b4d5743c0b3101fbc165440ee71e616a1aa
      dce_ast: 4b4d2213d16572eee1f67c523f1089a630531ef4778539b17e92ca94867c0f4d
      bytecode: 03845ec2f54d49f71640659603ead8f68ad067a15fda438e5e13524777d1559b
      warnings: ""
