---
namespace: Compile
expectation: Pass
outputs:
  - - initial_symbol_table: 1f96df1e414fd96505a23c658692de40614d28804ebeaeafc90835f4087c91cc
      type_checked_symbol_table: aaaec423b2c439b4857751e7dec72e29fbe3cf863753d6f21e52c9d0f5e98558
      unrolled_symbol_table: aaaec423b2c439b4857751e7dec72e29fbe3cf863753d6f21e52c9d0f5e98558
      initial_ast: 7ebb1242725004bee7d6c8f80b8ca602896018878e29f1506c54998ee10f03ab
      unrolled_ast: 7ebb1242725004bee7d6c8f80b8ca602896018878e29f1506c54998ee10f03ab
      ssa_ast: a004318a4ecb5a81c0d6a4dcb4a883b8762439557aa279d2a62bf5c33564b5b9
      flattened_ast: ebd9bf80a38bf37490f8ceafa1871f3689215273e8e98af7b462be2d84d5ff9c
      inlined_ast: ebd9bf80a38bf37490f8ceafa1871f3689215273e8e98af7b462be2d84d5ff9c
      dce_ast: bfce39674e35f07830a60800527a0020d96d75c6eaf22c46d01cbb04dcc4f02f
      bytecode: 03845ec2f54d49f71640659603ead8f68ad067a15fda438e5e13524777d1559b
      warnings: ""
