---
namespace: Compile
expectation: Pass
outputs:
  - - initial_symbol_table: 077422b93c97f7cd8a28ff1ba7bbe58e07c4b7887304c46d35eb5ac6bf23c972
      type_checked_symbol_table: 5f860d2de9a0608ecbc70179a65c645cd622701fee49e955c77387fa225b01a1
      unrolled_symbol_table: 5f860d2de9a0608ecbc70179a65c645cd622701fee49e955c77387fa225b01a1
      initial_ast: 6429690ee0849661b819e6f5d0600d5333a45b799fe179445c2a8b2849227c91
      unrolled_ast: 6429690ee0849661b819e6f5d0600d5333a45b799fe179445c2a8b2849227c91
      ssa_ast: 19ccc1387acbf869caf46bc08c183b0555664c611d145437af1487ed382b7200
      flattened_ast: d0931277d66eadc6a6a0bd1ca72c6561c817c83255209778587991a5a9eeeb82
      inlined_ast: d0931277d66eadc6a6a0bd1ca72c6561c817c83255209778587991a5a9eeeb82
      dce_ast: ba6c3203f1bae5e486ad65effae055946d2e40107d5007c0d02b40abb42c7fb0
      bytecode: 2bf257739832acc917b4b4f18f149a72e6a8394336740568bd06cb6141704762
      warnings: ""
