---
namespace: Compile
expectation: Pass
outputs:
  - - initial_symbol_table: 30b74ef9405be6a65d0718e893155dfab9c5a27ba6331b46674fbfe804c078c7
      type_checked_symbol_table: df1b9add309c4f16c8fc410cfe1a5e081449f19662d106576ea7934ae2ec016a
      unrolled_symbol_table: df1b9add309c4f16c8fc410cfe1a5e081449f19662d106576ea7934ae2ec016a
      initial_ast: f20da252a187ea739840abc88fd72e17bc0e758e6213b3ad5b02af76b576dbb4
      unrolled_ast: f20da252a187ea739840abc88fd72e17bc0e758e6213b3ad5b02af76b576dbb4
      ssa_ast: e1052c6f61ef5d1b17b2a9cad7f36c0dd2a6ac9561017a62e5b8f539b0fcd1af
      flattened_ast: 324bb9feccc7b382edbcd7573b6037ac3106dd508361d8f551edd0188e4374be
      inlined_ast: 324bb9feccc7b382edbcd7573b6037ac3106dd508361d8f551edd0188e4374be
      dce_ast: 4b9eb8c5227ffbe0a134663c3f8e9c4035ee526bbdc2daad14598f4efadcdda0
      bytecode: e2c7366a24109eb7d575db5c998ee9833edf454546a359ea4508eeabfff11d19
      warnings: ""
