---
namespace: Compile
expectation: Pass
outputs:
  - - initial_symbol_table: 85b2afdf445a99fc5beb1bb9b7c98ddce8f4936dbdb5173447e64bfc5c73e96d
      type_checked_symbol_table: 37ed5c5410f201880eb2da82ac4ec3d3ebb21756fc697827b30a5853945bfbb7
      unrolled_symbol_table: 37ed5c5410f201880eb2da82ac4ec3d3ebb21756fc697827b30a5853945bfbb7
      initial_ast: 45c044f02f010eb7b39a90441cd8250b6b434857ad6120907ea2ef4a6a8e4cde
      unrolled_ast: 45c044f02f010eb7b39a90441cd8250b6b434857ad6120907ea2ef4a6a8e4cde
      ssa_ast: 799032f7daa8444dff8c1265c91f325140b66b7021bb5512b202d1dea6d1d138
      flattened_ast: 2434f04892052c13b04bcc3a03936021fdb8a8c50a13348a15d60ee49d772259
      inlined_ast: 2434f04892052c13b04bcc3a03936021fdb8a8c50a13348a15d60ee49d772259
      dce_ast: d8da5819883bc0a798615b46ae157882cc474a632175163ce2d84c069b94f5fe
      bytecode: 6c433e307d008c270d0de4f6a677aa5069fcf55a7613d777379bbab14c24be61
      warnings: ""
