---
namespace: Compile
expectation: Pass
outputs:
  - - initial_symbol_table: f2558edf1346b5fa3584ed7d1684d83b8aaa08cdd00e021062d1ed5c8ae993ed
      type_checked_symbol_table: d202c359f29b0b899efce3f069c23f062d6687045d7845ffc20725323ee3efec
      unrolled_symbol_table: d202c359f29b0b899efce3f069c23f062d6687045d7845ffc20725323ee3efec
      initial_ast: d16f203be3c79f8c8804d18148b98c8288a5852389e65297e338a485df2ebe3e
      unrolled_ast: d16f203be3c79f8c8804d18148b98c8288a5852389e65297e338a485df2ebe3e
      ssa_ast: 6062d2483077904efc37ec95694f76f885bba536aba9e96deb7f29c038839ab1
      flattened_ast: 227d9ca89c8d173b3846f7974f3c445013a443ac17eef5cf16bae261a59893a8
      inlined_ast: 227d9ca89c8d173b3846f7974f3c445013a443ac17eef5cf16bae261a59893a8
      dce_ast: 227d9ca89c8d173b3846f7974f3c445013a443ac17eef5cf16bae261a59893a8
      bytecode: f8a3d7352634db2882bc62840443ed6981ab356b6037c6bce8b2361189e82319
      warnings: ""
