---
namespace: Compile
expectation: Pass
outputs:
  - - initial_symbol_table: 153a795540b8f3c7493d172c26485bd4ca9ff174a66ddb976f5e64d5d1c5bd3e
      type_checked_symbol_table: 05a0d73522a23d8054744e861cb6919de7e0240ffd2c245be7c36ffa6555417c
      unrolled_symbol_table: 05a0d73522a23d8054744e861cb6919de7e0240ffd2c245be7c36ffa6555417c
      initial_ast: ba8f9cee26df29b409a6206fe3600e8e78cb5735e68c0a2ee0e79d7cf343d362
      unrolled_ast: ba8f9cee26df29b409a6206fe3600e8e78cb5735e68c0a2ee0e79d7cf343d362
      ssa_ast: 595bbacba99c947c93828c9fb7e57a55c1aeb2d8afb319c70c6511509f99df66
      flattened_ast: c10a6e7181306bc58d787c1e410a39d8cabd3dde436ab33f79c527f9faf65d38
      inlined_ast: 57ec9bf9c07da37534d1fde482ce25153b5b69384c0cea13904eb9d8d1302dfa
      dce_ast: 57ec9bf9c07da37534d1fde482ce25153b5b69384c0cea13904eb9d8d1302dfa
      bytecode: 0d572a58b3609a5835754184c0d7b55b9bb11b101a11a1be25546a212a668e25
      warnings: ""
