---
namespace: Compile
expectation: Pass
outputs:
  - - initial_symbol_table: b665474dcaa4c7a4b2eb7a513f4cff8ba3b673a65465db206b134799acd0bd93
      type_checked_symbol_table: f385833c35da9d545935068b126557a8bfe7a03da8278004ad0c60286ed7ec46
      unrolled_symbol_table: f385833c35da9d545935068b126557a8bfe7a03da8278004ad0c60286ed7ec46
      initial_ast: 10650ea9835265f168c13b09658eadd2b33b4eca35826b56bdca6be930c5ef53
      unrolled_ast: 10650ea9835265f168c13b09658eadd2b33b4eca35826b56bdca6be930c5ef53
      ssa_ast: 297ca594d5a90863a122b90fd37cfc6eb386b885a4840dd62b515341c490b343
      flattened_ast: bd539efd2436fc15f21031d338361688f1064e0848e0532ba56f0ed7f2042a65
      inlined_ast: bd539efd2436fc15f21031d338361688f1064e0848e0532ba56f0ed7f2042a65
      dce_ast: bd539efd2436fc15f21031d338361688f1064e0848e0532ba56f0ed7f2042a65
      bytecode: bde2653fac0393940c5400272e53492228206e50abb36ce080b95043003ee976
      warnings: ""
