---
namespace: Compile
expectation: Pass
outputs:
  - - initial_symbol_table: 992dd740994079e30efead06f29f9c2df115a70d54f7649eb5fadec3120db120
      type_checked_symbol_table: 2271d0f496fc810a81e3edbd0303d248c348b0a732ee32e9cff64ccf24073daf
      unrolled_symbol_table: 2271d0f496fc810a81e3edbd0303d248c348b0a732ee32e9cff64ccf24073daf
      initial_ast: d95ebf8b0bd1c1e19bf0e63c423a30bd907701b51a4397ff8c14ccb597113f93
      unrolled_ast: d95ebf8b0bd1c1e19bf0e63c423a30bd907701b51a4397ff8c14ccb597113f93
      ssa_ast: 03c7dce9eb45eaf70ba9b06890b8af587eabd2ae18f66415cc32a86e71d663d7
      flattened_ast: df0d0f6864359c1763f48c58f2ae313fab3581bb5ee57c1cd5d2f5996a42b38e
      inlined_ast: df0d0f6864359c1763f48c58f2ae313fab3581bb5ee57c1cd5d2f5996a42b38e
      dce_ast: 753585db954ad173c8b8cd40a1c2c89da68f7406c5ddfe180b6f993419a6e57a
      bytecode: a90328ca973213775dcbfa872950cc8126b172ef1cd4c1a1650277b23b6f6957
      warnings: ""
