---
namespace: Compile
expectation: Pass
outputs:
  - - initial_symbol_table: 9de9a9614bae9e392c40cbe50c32763866d8facbe3b7b0e618c773c9c1e2452b
      type_checked_symbol_table: 0c70472fb21893662b1ec36bd51f9ac064da4731817d99d9c0030cf08799d915
      unrolled_symbol_table: 0c70472fb21893662b1ec36bd51f9ac064da4731817d99d9c0030cf08799d915
      initial_ast: e1be2b4ac39c4564dc626d308f1605620db8795f2536a31278c1f2a3cf992e7e
      unrolled_ast: e1be2b4ac39c4564dc626d308f1605620db8795f2536a31278c1f2a3cf992e7e
      ssa_ast: e2a8643ce35170c8d07462400be4ceddbb54eeff3000b5cdc55eeeecabf77d13
      flattened_ast: c636bafee772b9fa90120b343b5e953fd431af8422b0765ee077be848345af45
      inlined_ast: c636bafee772b9fa90120b343b5e953fd431af8422b0765ee077be848345af45
      dce_ast: e9ac81f9ce7eb6b8725641387a57353ec9e218970e37a165eea70addcd8fe2e3
      bytecode: 490f1367d32747ffc240c1b2a165f85ca487e65d00e2efee5d784e643213ce20
      warnings: ""
