---
namespace: Compile
expectation: Pass
outputs:
  - - initial_symbol_table: 992dd740994079e30efead06f29f9c2df115a70d54f7649eb5fadec3120db120
      type_checked_symbol_table: 2271d0f496fc810a81e3edbd0303d248c348b0a732ee32e9cff64ccf24073daf
      unrolled_symbol_table: 2271d0f496fc810a81e3edbd0303d248c348b0a732ee32e9cff64ccf24073daf
      initial_ast: afd81cd40fa7bf7fd7d309f26eae55d259aa168f2736144a2aaeaa5323d87add
      unrolled_ast: afd81cd40fa7bf7fd7d309f26eae55d259aa168f2736144a2aaeaa5323d87add
      ssa_ast: af7f3062101f7d79b900f5499581220d6f0449dd41f0d4fcee4853ce16700777
      flattened_ast: d6078e4036e8a07628260b8a5fec55026b6c99cb704f0eaa233b12df4bd1646e
      inlined_ast: d6078e4036e8a07628260b8a5fec55026b6c99cb704f0eaa233b12df4bd1646e
      dce_ast: 2806316a6caf824e4657474ead44d859ef4f2db33255fcddfd9c35daf36fdfb5
      bytecode: 15b3b2f15f177b34eb81e2436cf4080578e2980fc07eec7472060469a1789b5d
      warnings: ""
