---
namespace: Compile
expectation: Pass
outputs:
  - - initial_symbol_table: 85b2afdf445a99fc5beb1bb9b7c98ddce8f4936dbdb5173447e64bfc5c73e96d
      type_checked_symbol_table: 37ed5c5410f201880eb2da82ac4ec3d3ebb21756fc697827b30a5853945bfbb7
      unrolled_symbol_table: 37ed5c5410f201880eb2da82ac4ec3d3ebb21756fc697827b30a5853945bfbb7
      initial_ast: 06998ae13a0d727bec6bc815d3196089fb9bcd955e19e50f55ff8d9f0c07ebf1
      unrolled_ast: 06998ae13a0d727bec6bc815d3196089fb9bcd955e19e50f55ff8d9f0c07ebf1
      ssa_ast: fd48d0e2d169abc9bcf185682824c3509e681fc52f19c161994c53a72d5e942d
      flattened_ast: de495d7913fe5a45803b643b0f662a22b287506971fd2659d4123fe8d1a26780
      inlined_ast: de495d7913fe5a45803b643b0f662a22b287506971fd2659d4123fe8d1a26780
      dce_ast: 0bc264a3bd2a26820ace580986d23f50d3131e20cca1340c968b5bf7d379f0b3
      bytecode: 9613835dc4e36f266d29110dd595208e54ebd4b8dcf371985a38796c15044f38
      warnings: ""
