---
namespace: Compile
expectation: Pass
outputs:
  - - initial_symbol_table: 823522114863d7e6f6aeea3c51ba80535c7fa8ba49115b0b645c1f0ff6a359c4
      type_checked_symbol_table: 78d3b5c6288e9db5a7165141849cd03751f1026b047ca2017da1308b69d8f0c9
      unrolled_symbol_table: 78d3b5c6288e9db5a7165141849cd03751f1026b047ca2017da1308b69d8f0c9
      initial_ast: bdc1996fa39191945d7d1cd730c542b4e2d58211fc56560bd7cf2ea7b2e27d46
      unrolled_ast: bdc1996fa39191945d7d1cd730c542b4e2d58211fc56560bd7cf2ea7b2e27d46
      ssa_ast: d4f029ef05f205ccab663ec0fbd8a4c8a4704448eb30f0db2c0c75e4401e043e
      flattened_ast: 42f67e983e7a0e448a160b804c14564c3187a33e16d7e331e72efc3412409088
      inlined_ast: 42f67e983e7a0e448a160b804c14564c3187a33e16d7e331e72efc3412409088
      dce_ast: 42f67e983e7a0e448a160b804c14564c3187a33e16d7e331e72efc3412409088
      bytecode: 567f936a9f498a3648860fa0c7028b9fe84c93e9843fc82865e39298bc99c525
      warnings: ""
