---
namespace: Compile
expectation: Pass
outputs:
  - - initial_symbol_table: 318333ec5b971a7080d5446acd4f6931703fcb36c1430925528fe655d0d903b5
      type_checked_symbol_table: 9df21559cca2d8fe49e78a8989b590f740238dc795e1e6c99b50eee4528aa407
      unrolled_symbol_table: 9df21559cca2d8fe49e78a8989b590f740238dc795e1e6c99b50eee4528aa407
      initial_ast: 503ec3d80bf0ecc98557d4bc20601c043281bf47d415fa5369a5685e9c1bc5fb
      unrolled_ast: 503ec3d80bf0ecc98557d4bc20601c043281bf47d415fa5369a5685e9c1bc5fb
      ssa_ast: 4cb2328582bc97056449e72dbf730c865be5f9ece0fb6a5c8e8b36cd55cc9c99
      flattened_ast: 98c2478a78531d3f0c6c6ddd03c7069b2fb881825072fd45bd5eba04900055c0
      inlined_ast: 98c2478a78531d3f0c6c6ddd03c7069b2fb881825072fd45bd5eba04900055c0
      dce_ast: 98c2478a78531d3f0c6c6ddd03c7069b2fb881825072fd45bd5eba04900055c0
      bytecode: 65f57028681592ca0f5c4fed50abb89f4aa53139b2371bc00c3e701d5b8e896f
      warnings: ""
