---
namespace: Compile
expectation: Pass
outputs:
  - - initial_symbol_table: 9fff514fbbb7bc77162c85f91243ac0454ec07bd0b77320e87c19adf2f2207de
      type_checked_symbol_table: 43874a4208d661fb947452ae93a7aaa0944ed0faa75aa6af4f89d1acf2e89d97
      unrolled_symbol_table: 43874a4208d661fb947452ae93a7aaa0944ed0faa75aa6af4f89d1acf2e89d97
      initial_ast: 8b86aed9874509a9375d095d0bd1baad9275a1e72fe0e331dc81c9a980b0cc38
      unrolled_ast: 8b86aed9874509a9375d095d0bd1baad9275a1e72fe0e331dc81c9a980b0cc38
      ssa_ast: 1dcbd3d84360dd4a31ac2bd4b0cc63faeff42575362529f60c759eaef6d79721
      flattened_ast: fde98f962d5e4681b1d73e20e29ce135b9b6b76008185a0721d82671c4457db8
      inlined_ast: fde98f962d5e4681b1d73e20e29ce135b9b6b76008185a0721d82671c4457db8
      dce_ast: fde98f962d5e4681b1d73e20e29ce135b9b6b76008185a0721d82671c4457db8
      bytecode: 3371e90020913ff2646967d8f24bd5da1033f31c46c1b46c1996331bb488b96e
      warnings: ""
