---
namespace: Compile
expectation: Pass
outputs:
  - - initial_symbol_table: 318333ec5b971a7080d5446acd4f6931703fcb36c1430925528fe655d0d903b5
      type_checked_symbol_table: 9df21559cca2d8fe49e78a8989b590f740238dc795e1e6c99b50eee4528aa407
      unrolled_symbol_table: 9df21559cca2d8fe49e78a8989b590f740238dc795e1e6c99b50eee4528aa407
      initial_ast: c4f404e0f546287f4f314e9cb14042dd58f3582bcddcccc0240ace04e02a8d15
      unrolled_ast: c4f404e0f546287f4f314e9cb14042dd58f3582bcddcccc0240ace04e02a8d15
      ssa_ast: b2d26d70e936f0ce07f65928fe18599c2c41694a35ea90a9dbb99c9e0f49cbb8
      flattened_ast: ee1e132da679e86464bbf6a4bd1a1747235921080bef59f4c7d93273f2e58787
      inlined_ast: ee1e132da679e86464bbf6a4bd1a1747235921080bef59f4c7d93273f2e58787
      dce_ast: ee1e132da679e86464bbf6a4bd1a1747235921080bef59f4c7d93273f2e58787
      bytecode: d190616fb105ce612eb0022279524f88dacfa3a9bef033cc54a70954b0140ef6
      warnings: ""
