---
namespace: Compile
expectation: Pass
outputs:
  - - initial_symbol_table: 44f8302f44b3c187df5eb5516b6b48c23889cbbf4ff3a1eba6a0e177b781b319
      type_checked_symbol_table: 7863d5e390001e8eb504d8c2b0eb32b4169371a875b379265e788b656c6bfde7
      unrolled_symbol_table: 7863d5e390001e8eb504d8c2b0eb32b4169371a875b379265e788b656c6bfde7
      initial_ast: 8ebd170d84f849b6a82f1d7b75ad08aa776a6e1c25b788b7e6faaf7e1f8a8bcf
      unrolled_ast: 8ebd170d84f849b6a82f1d7b75ad08aa776a6e1c25b788b7e6faaf7e1f8a8bcf
      ssa_ast: 1610e98e461837edc5fa1a50f753d69a0374ac56b713ff740b113ef5cc877868
      flattened_ast: e554efc3d640fe3f3ec3ecde9d7926fed1e6b25a30c3ad10064d659870259360
      inlined_ast: e554efc3d640fe3f3ec3ecde9d7926fed1e6b25a30c3ad10064d659870259360
      dce_ast: e554efc3d640fe3f3ec3ecde9d7926fed1e6b25a30c3ad10064d659870259360
      bytecode: 8cf2c9baf4dd960c2135a86ac62576bcb4d04c2ba826ff413bdce7f05d230516
      warnings: ""
