---
namespace: Compile
expectation: Pass
outputs:
  - - initial_symbol_table: 8e443c028cea1cb073069e7a389f0dbf533916fc3751e321bb800ccaeb901a58
      type_checked_symbol_table: f4840dc05f84c67293a21be0ed9b1844d29461677af6b1e3d98ca89fbd84c2b2
      unrolled_symbol_table: f4840dc05f84c67293a21be0ed9b1844d29461677af6b1e3d98ca89fbd84c2b2
      initial_ast: 7bebc2f0f845d2b403110e88ceabbf11707a3ac37d0ea0b6c56e639a3217a700
      unrolled_ast: 7bebc2f0f845d2b403110e88ceabbf11707a3ac37d0ea0b6c56e639a3217a700
      ssa_ast: ac2ff22fd7ffe965d315cccb93f77e50f9c81d229e781f13664c428c1cd4102d
      flattened_ast: e3db8e25814a1fa5eba76bf0a2fd52d4a24420c403e2aa6749f815aa74bd716f
      inlined_ast: e3db8e25814a1fa5eba76bf0a2fd52d4a24420c403e2aa6749f815aa74bd716f
      dce_ast: e3db8e25814a1fa5eba76bf0a2fd52d4a24420c403e2aa6749f815aa74bd716f
      bytecode: eb74a56b4c761a3050ee4ca8c5ac6f4085675f0ba71514b9c10cc49044251472
      warnings: ""
