---
namespace: Compile
expectation: Pass
outputs:
  - - initial_symbol_table: a5f56d9140369710d2616f22e72769b4ce4786e6b3cadd3eaa7301dd486c160b
      type_checked_symbol_table: 2cd2ba03c3f90e833f1a08116e51e58d41d76bb92eac852bb9c04a98e53c1b13
      unrolled_symbol_table: 2cd2ba03c3f90e833f1a08116e51e58d41d76bb92eac852bb9c04a98e53c1b13
      initial_ast: f8723d099448783b4a423ed7e24d2592db202e785ba306afc0a09853eee051cc
      unrolled_ast: f8723d099448783b4a423ed7e24d2592db202e785ba306afc0a09853eee051cc
      ssa_ast: 9a2bf30222cb856e56574a021f1f34e805c32ab1c1cc18d3c4b70d0a0b90beb0
      flattened_ast: 135a49775716cc67bedfb605db69246e7c80842fa704cd6ccb02080f805e17c2
      inlined_ast: 135a49775716cc67bedfb605db69246e7c80842fa704cd6ccb02080f805e17c2
      dce_ast: ee1ca8d63b362cab8d570163556dbf59e10426537e0c985d09f897df3c4341ed
      bytecode: 651a250bda995df00cf3b4659d1ea35912ed94da32b5d487677dead9126b5d69
      warnings: ""
