---
namespace: Compile
expectation: Pass
outputs:
  - - initial_symbol_table: d213250c8345f342c17734b5f39b48154b4acfc90311f68b2f17de9595ecb107
      type_checked_symbol_table: c55fc2bf3d7f8fb94fdaf0e0ef6a172bcdfda87aa22f14c0951226c0b428b853
      unrolled_symbol_table: c55fc2bf3d7f8fb94fdaf0e0ef6a172bcdfda87aa22f14c0951226c0b428b853
      initial_ast: d1943d936c664b3f575f4909468ac559ef1de3d68266b1b5129f21dfeab7c225
      unrolled_ast: d1943d936c664b3f575f4909468ac559ef1de3d68266b1b5129f21dfeab7c225
      ssa_ast: ddfe968dde5cfb2487ec80735ff4934404d0a7bcd7a158ebdae750a7a38ed435
      flattened_ast: 8cd63799803b52ad9cae0e7a029b7d9023258298ba3216a34edf920458d47469
      inlined_ast: 8cd63799803b52ad9cae0e7a029b7d9023258298ba3216a34edf920458d47469
      dce_ast: 8cd63799803b52ad9cae0e7a029b7d9023258298ba3216a34edf920458d47469
      bytecode: 38011d05593d9cf5baa1fca933e8155d3154ad934a4b0ae9d67111b324875f86
      warnings: ""
