---
namespace: Compile
expectation: Pass
outputs:
  - - initial_symbol_table: f2e1278c1b7a68a7c55fa40ddb7f96e294617154b5e6645756a54e449174ca49
      type_checked_symbol_table: d84154eca10ddf524e43527f64fbf07e05feb02b142c9f1f36b42667a2ad7b84
      unrolled_symbol_table: d84154eca10ddf524e43527f64fbf07e05feb02b142c9f1f36b42667a2ad7b84
      initial_ast: daecc770ad91c4a5104c21ada23d80c67ff1c182a6f31432edbdd948ba306479
      unrolled_ast: daecc770ad91c4a5104c21ada23d80c67ff1c182a6f31432edbdd948ba306479
      ssa_ast: c4bd6c5f9e891f3c6cb968e5d964a1d27f8d5576ff2d05d448a686cb0bf9aacd
      flattened_ast: 506bf4b3ce35689fbd33e700124aaa7fa595f1e9c4cdd760b06ff904415aaa87
      inlined_ast: 506bf4b3ce35689fbd33e700124aaa7fa595f1e9c4cdd760b06ff904415aaa87
      dce_ast: 506bf4b3ce35689fbd33e700124aaa7fa595f1e9c4cdd760b06ff904415aaa87
      bytecode: f88e8b16ebc2a407989f9f316ad6a9edfec6f134c7a0d9b25cea571df8161900
      warnings: ""
