---
namespace: Compile
expectation: Pass
outputs:
  - - initial_symbol_table: c544892b33c76351e60bf135d6bc8159061cef9bfb962a51645b359bf2374e80
      type_checked_symbol_table: 79b5c99166df68ad0c2f1cd72f59c7bd77dde5c674f084184e2e0badd9aa4bcf
      unrolled_symbol_table: 79b5c99166df68ad0c2f1cd72f59c7bd77dde5c674f084184e2e0badd9aa4bcf
      initial_ast: 81f8f0d6d5dc42a41eb1adf85a563224629d1157b517b2ba1c030ba47dd8cddd
      unrolled_ast: 81f8f0d6d5dc42a41eb1adf85a563224629d1157b517b2ba1c030ba47dd8cddd
      ssa_ast: a2b1fbcadab24846e7a2a5e66f5d212fe9bc9b49a3d1398355006792d295173d
      flattened_ast: 8d494b4fcb5708959981d83b63d50aead99871504e25f83785569da8e958c1eb
      inlined_ast: 8d494b4fcb5708959981d83b63d50aead99871504e25f83785569da8e958c1eb
      dce_ast: 8d494b4fcb5708959981d83b63d50aead99871504e25f83785569da8e958c1eb
      bytecode: 71fa0293c129cb150cfbc206d6709f67884cd0864200dd8a6382ae6d30a3dac2
      warnings: ""
