---
namespace: Compile
expectation: Pass
outputs:
  - - initial_symbol_table: 74b5b2e631e68611202a7a045996856214c9c3b227b9758d93dc52912d073526
      type_checked_symbol_table: 3d20ce52198bcfd4f30fa6c80c28b6415a5d13ef629474ac3041cb3d0da75e8a
      unrolled_symbol_table: 3d20ce52198bcfd4f30fa6c80c28b6415a5d13ef629474ac3041cb3d0da75e8a
      initial_ast: 014539d9b2373bb14b73fab4d301ccea021f102a9477816696ae526767c59ed1
      unrolled_ast: 014539d9b2373bb14b73fab4d301ccea021f102a9477816696ae526767c59ed1
      ssa_ast: 79eda6d2943aa2eb3056f19030492bb5e4f4255ead97d6859e05a8959dd8d44d
      flattened_ast: 4378e715ab06527f5214f5858a0ea01c4cc90aeabf4daf92d16ce6ebab38852e
      inlined_ast: 4378e715ab06527f5214f5858a0ea01c4cc90aeabf4daf92d16ce6ebab38852e
      dce_ast: 4378e715ab06527f5214f5858a0ea01c4cc90aeabf4daf92d16ce6ebab38852e
      bytecode: 009e138c1ef58588c8c34fdd4b56c5cd984a2f4664d71a3ce1f5811350d5cc1f
      warnings: ""
