---
namespace: Compile
expectation: Pass
outputs:
  - - initial_symbol_table: a5f56d9140369710d2616f22e72769b4ce4786e6b3cadd3eaa7301dd486c160b
      type_checked_symbol_table: 9d1e9e5b0948376ed46501cef3297fea954a644d81b450079e86cf8b5b0ac66a
      unrolled_symbol_table: 9d1e9e5b0948376ed46501cef3297fea954a644d81b450079e86cf8b5b0ac66a
      initial_ast: d9fb32f865aceeb65b0f9ea636d858e9307145ac236f09161af9bd39d066c47a
      unrolled_ast: d9fb32f865aceeb65b0f9ea636d858e9307145ac236f09161af9bd39d066c47a
      ssa_ast: 548193ec53c24d6d9b68d33957d174f06fc10af191f0c630fded875a16924362
      flattened_ast: 420d9008b62d7f971bf6ce0e690bdb2afefd7e87ba5a1cb10edf9503b4ef4c0a
      inlined_ast: 420d9008b62d7f971bf6ce0e690bdb2afefd7e87ba5a1cb10edf9503b4ef4c0a
      dce_ast: 420d9008b62d7f971bf6ce0e690bdb2afefd7e87ba5a1cb10edf9503b4ef4c0a
      bytecode: 0d7b74771220febbbf1600fe72c373d3398998c0d1200c1fd592d3b3da56b928
      warnings: ""
