---
namespace: Compile
expectation: Pass
outputs:
  - - initial_symbol_table: 3b9e4539ba9a5a05af207777741e4d9bce242a0aae50c24ad98f5de02c9d9fd4
      type_checked_symbol_table: c6830299330a05ca4f0ad6029c9bbd1e3773f782b26e721ddb140ee7564f8444
      unrolled_symbol_table: c6830299330a05ca4f0ad6029c9bbd1e3773f782b26e721ddb140ee7564f8444
      initial_ast: 84945f3226e5b876a66ca6cd15bc545e3de7e66a26400a2eaaf2cbc0d31905c4
      unrolled_ast: 84945f3226e5b876a66ca6cd15bc545e3de7e66a26400a2eaaf2cbc0d31905c4
      ssa_ast: 313a1923ccd4e8bde4cec43dcdd5680806d4cf9f1ee4122eca29ad6268a38332
      flattened_ast: 414b20a6ad2424b8e38d192cd91c035e82429b992873db27935bad3f8c5524e5
      inlined_ast: 414b20a6ad2424b8e38d192cd91c035e82429b992873db27935bad3f8c5524e5
      dce_ast: 414b20a6ad2424b8e38d192cd91c035e82429b992873db27935bad3f8c5524e5
      bytecode: 4e191316243b5f6fff5d47a3177f3ec59d72ce76b7f3d6d3aa0da615f67a4087
      warnings: ""
