---
namespace: Compile
expectation: Pass
outputs:
  - - initial_symbol_table: 0cd0425553a00f2fc7af6aa71f6a8d286d166d4665315213efa44a9fcd3440e9
      type_checked_symbol_table: b9804fc525196b58a8edfc3653ee23e6db035844e0724d0a40f1e64fd505665f
      unrolled_symbol_table: b9804fc525196b58a8edfc3653ee23e6db035844e0724d0a40f1e64fd505665f
      initial_ast: c6152b09d65ccb486ba54ab754a7f6bb5bea6a4965dfe07d671c923efba8c4ef
      unrolled_ast: c6152b09d65ccb486ba54ab754a7f6bb5bea6a4965dfe07d671c923efba8c4ef
      ssa_ast: 4a99073c91723f78d3d89e01e4950fbbf66c39042f8d15fbf8e8d0395c803d0a
      flattened_ast: 113b8b5b5bf0c2a99c939fa2e0005311dc9c128ce975ede255d80bc8d6c213f7
      inlined_ast: 113b8b5b5bf0c2a99c939fa2e0005311dc9c128ce975ede255d80bc8d6c213f7
      dce_ast: 113b8b5b5bf0c2a99c939fa2e0005311dc9c128ce975ede255d80bc8d6c213f7
      bytecode: a78d778b5d4c7ab76e80a1c944c5060214f0e474a0892dca998044ec07f736f9
      warnings: ""
