---
namespace: Compile
expectation: Pass
outputs:
  - - initial_symbol_table: 992dd740994079e30efead06f29f9c2df115a70d54f7649eb5fadec3120db120
      type_checked_symbol_table: 2271d0f496fc810a81e3edbd0303d248c348b0a732ee32e9cff64ccf24073daf
      unrolled_symbol_table: 2271d0f496fc810a81e3edbd0303d248c348b0a732ee32e9cff64ccf24073daf
      initial_ast: cd7832c69bf053837db81f41d532eb87c4279f3ee269763d2fa60aeaceafedc0
      unrolled_ast: cd7832c69bf053837db81f41d532eb87c4279f3ee269763d2fa60aeaceafedc0
      ssa_ast: aa275594addb616d9e5d6e5e2fffdcdd78a2de953d16b90c423252600be2c8b0
      flattened_ast: 4d48e389eb141e043021e989d66f669271a6b2176819d332d24a1cd8b82cb168
      inlined_ast: 4d48e389eb141e043021e989d66f669271a6b2176819d332d24a1cd8b82cb168
      dce_ast: 0eedeaf6e90afaafd1999390718ea8f973139de5e70487a3200a305cb888da64
      bytecode: 96dddca27dc2e6feaa13b9f53fe1bb2180299e90860ed8c3be4f92687949f30f
      warnings: ""
