---
namespace: Compile
expectation: Pass
outputs:
  - - initial_symbol_table: b818f3f5449fc62add96728e1a051a68c21097a09f484600d4e82b5d502c5d06
      type_checked_symbol_table: 41c0247334d4ede070ae3278a2ef3cfde78fbf29cf768b8f60f3f5deadefd75b
      unrolled_symbol_table: 41c0247334d4ede070ae3278a2ef3cfde78fbf29cf768b8f60f3f5deadefd75b
      initial_ast: 8386f2bee2383f3364dda39dfe008ef5bc97211c479cc717811509cad4d1a3c9
      unrolled_ast: 8386f2bee2383f3364dda39dfe008ef5bc97211c479cc717811509cad4d1a3c9
      ssa_ast: 940048eabd1ff23a93bf3d6e533b4366a13ed4e4393f0f1abc4c7a9cb75fd3d2
      flattened_ast: 848178d2cb58e6047d6b918a282fa53b6c4d273ee9f82400bf233710b42a86ff
      inlined_ast: 848178d2cb58e6047d6b918a282fa53b6c4d273ee9f82400bf233710b42a86ff
      dce_ast: 848178d2cb58e6047d6b918a282fa53b6c4d273ee9f82400bf233710b42a86ff
      bytecode: 8c1f079a06fdd75fe40736caee42eaf3ea79af747aeb6a543fa2748f34fb2017
      warnings: ""
