---
namespace: Compile
expectation: Pass
outputs:
  - - initial_symbol_table: 8ad2062b26cb7ce9977099acf47634563db6bee84d16c90b51fa68c6a9577781
      type_checked_symbol_table: 7bd0addc88bb8cc54ffa341e723d934aa92dec285cf7ab9cec69df8d4b7b98f4
      unrolled_symbol_table: 7bd0addc88bb8cc54ffa341e723d934aa92dec285cf7ab9cec69df8d4b7b98f4
      initial_ast: b77334fba6d7d5c0c32bdf6e95b9f269491edf6ba32dfc47624aac3d4ef34da4
      unrolled_ast: b77334fba6d7d5c0c32bdf6e95b9f269491edf6ba32dfc47624aac3d4ef34da4
      ssa_ast: 07b77380152ed73cd629ffab176b847fe0c79edf6af4071784e5c332fce571c6
      flattened_ast: 50af6300c8bd7c28f33d39ccac0d12fe7041bcb873e11485090a3818e704919a
      inlined_ast: 50af6300c8bd7c28f33d39ccac0d12fe7041bcb873e11485090a3818e704919a
      dce_ast: 50af6300c8bd7c28f33d39ccac0d12fe7041bcb873e11485090a3818e704919a
      bytecode: e8a0ee3b704167e636a3dc886aa5c4de1a4f5287fcaef3cdcb03943aa4a652c3
      warnings: ""
