---
namespace: Compile
expectation: Pass
outputs:
  - - initial_symbol_table: f42679f84a0502913466b98ad0802570b196a03efb92762dbf14ddef9343e2bb
      type_checked_symbol_table: badc647bf125be858219463ee7be65a54c641b1a351a7f0b17012263cce0ad5a
      unrolled_symbol_table: badc647bf125be858219463ee7be65a54c641b1a351a7f0b17012263cce0ad5a
      initial_ast: 43e55635a47003822f45444427c588a24e2e2454c7c73886ef34d8ba778092ec
      unrolled_ast: 43e55635a47003822f45444427c588a24e2e2454c7c73886ef34d8ba778092ec
      ssa_ast: 45514c36a357b5d4abd28c8fc9c6651a2ce0e16c6375bc79f7ea9b2a60f3d2ae
      flattened_ast: 0375e6ca1b9badb74d6d4bcb49f8301874046b7b7897c935981508cf2dd5efef
      inlined_ast: 0375e6ca1b9badb74d6d4bcb49f8301874046b7b7897c935981508cf2dd5efef
      dce_ast: 262fb383815942393ced1d0e3f7d3905aaf20112a713f6c223a3cdbe8b5b7216
      bytecode: 9a042a6076c83bb376f10443261e56704956030b03df62da5d5f4742ac10c74d
      warnings: ""
